2021-09-18 01:10:20 GC log file created ./file/gc.log.2
Java HotSpot(TM) 64-Bit Server VM (25.131-b11) for bsd-amd64 JRE (1.8.0_131-b11), built on Mar 15 2017 01:32:22 by "java_re" with gcc 4.2.1 (Based on Apple Inc. build 5658) (LLVM build 2336.11.00)
Memory: 4k page, physical 8388608k(34176k free)

/proc/meminfo:

CommandLine flags: -XX:CICompilerCount=3 -XX:GCLogFileSize=8192 -XX:InitialHeapSize=6291456 -XX:MaxHeapSize=6291456 -XX:MaxMetaspaceSize=10485760 -XX:MaxNewSize=2097152 -XX:MetaspaceSize=5242880 -XX:MinHeapDeltaBytes=524288 -XX:NewSize=2097152 -XX:NumberOfGCLogFiles=3 -XX:OldSize=4194304 -XX:+PrintCommandLineFlags -XX:+PrintFlagsFinal -XX:+PrintGC -XX:+PrintGCDateStamps -XX:+PrintGCDetails -XX:+PrintGCTimeStamps -XX:+UseCompressedClassPointers -XX:+UseCompressedOops -XX:+UseFastUnorderedTimeStamps -XX:+UseGCLogFileRotation -XX:+UseParallelOldGC 
2021-09-18T01:10:20.892-0800: 4.596: [Full GC (Ergonomics) [PSYoungGen: 1247K->1247K(1536K)] [ParOldGen: 3948K->3948K(4096K)] 5195K->5195K(5632K), [Metaspace: 2805K->2805K(1056768K)], 0.0186847 secs] [Times: user=0.05 sys=0.00, real=0.02 secs] 
2021-09-18T01:10:20.911-0800: 4.615: [Full GC (Ergonomics) [PSYoungGen: 1247K->1247K(1536K)] [ParOldGen: 3950K->3950K(4096K)] 5197K->5197K(5632K), [Metaspace: 2805K->2805K(1056768K)], 0.0179878 secs] [Times: user=0.05 sys=0.00, real=0.01 secs] 
2021-09-18T01:10:20.929-0800: 4.633: [Full GC (Ergonomics) [PSYoungGen: 1247K->1247K(1536K)] [ParOldGen: 3952K->3952K(4096K)] 5199K->5199K(5632K), [Metaspace: 2805K->2805K(1056768K)], 0.0178252 secs] [Times: user=0.06 sys=0.00, real=0.02 secs] 
2021-09-18T01:10:20.947-0800: 4.651: [Full GC (Ergonomics) [PSYoungGen: 1247K->1247K(1536K)] [ParOldGen: 3953K->3953K(4096K)] 5200K->5200K(5632K), [Metaspace: 2805K->2805K(1056768K)], 0.0178715 secs] [Times: user=0.05 sys=0.00, real=0.02 secs] 
2021-09-18T01:10:20.966-0800: 4.669: [Full GC (Ergonomics) [PSYoungGen: 1247K->1247K(1536K)] [ParOldGen: 3955K->3955K(4096K)] 5202K->5202K(5632K), [Metaspace: 2805K->2805K(1056768K)], 0.0180948 secs] [Times: user=0.06 sys=0.00, real=0.02 secs] 
2021-09-18T01:10:20.984-0800: 4.688: [Full GC (Ergonomics) [PSYoungGen: 1247K->1247K(1536K)] [ParOldGen: 3957K->3957K(4096K)] 5204K->5204K(5632K), [Metaspace: 2805K->2805K(1056768K)], 0.0184532 secs] [Times: user=0.05 sys=0.00, real=0.02 secs] 
2021-09-18T01:10:21.003-0800: 4.706: [Full GC (Ergonomics) [PSYoungGen: 1247K->1247K(1536K)] [ParOldGen: 3959K->3959K(4096K)] 5206K->5206K(5632K), [Metaspace: 2805K->2805K(1056768K)], 0.0223610 secs] [Times: user=0.06 sys=0.00, real=0.02 secs] 
2021-09-18T01:10:21.025-0800: 4.729: [Full GC (Ergonomics) [PSYoungGen: 1247K->1247K(1536K)] [ParOldGen: 3961K->3961K(4096K)] 5208K->5208K(5632K), [Metaspace: 2805K->2805K(1056768K)], 0.0181840 secs] [Times: user=0.05 sys=0.00, real=0.02 secs] 
2021-09-18T01:10:21.044-0800: 4.748: [Full GC (Ergonomics) [PSYoungGen: 1247K->1247K(1536K)] [ParOldGen: 3963K->3963K(4096K)] 5210K->5210K(5632K), [Metaspace: 2805K->2805K(1056768K)], 0.0182094 secs] [Times: user=0.06 sys=0.00, real=0.02 secs] 
2021-09-18T01:10:21.062-0800: 4.766: [Full GC (Ergonomics) [PSYoungGen: 1247K->1247K(1536K)] [ParOldGen: 3965K->3965K(4096K)] 5212K->5212K(5632K), [Metaspace: 2805K->2805K(1056768K)], 0.0177348 secs] [Times: user=0.05 sys=0.01, real=0.02 secs] 
2021-09-18T01:10:21.080-0800: 4.784: [Full GC (Ergonomics) [PSYoungGen: 1247K->1247K(1536K)] [ParOldGen: 3967K->3967K(4096K)] 5214K->5214K(5632K), [Metaspace: 2805K->2805K(1056768K)], 0.0188793 secs] [Times: user=0.06 sys=0.00, real=0.01 secs] 
2021-09-18T01:10:21.099-0800: 4.803: [Full GC (Ergonomics) [PSYoungGen: 1247K->1247K(1536K)] [ParOldGen: 3968K->3968K(4096K)] 5216K->5216K(5632K), [Metaspace: 2805K->2805K(1056768K)], 0.0177865 secs] [Times: user=0.05 sys=0.00, real=0.02 secs] 
2021-09-18T01:10:21.117-0800: 4.821: [Full GC (Ergonomics) [PSYoungGen: 1247K->1247K(1536K)] [ParOldGen: 3970K->3970K(4096K)] 5217K->5217K(5632K), [Metaspace: 2805K->2805K(1056768K)], 0.0180416 secs] [Times: user=0.05 sys=0.00, real=0.02 secs] 
2021-09-18T01:10:21.136-0800: 4.840: [Full GC (Ergonomics) [PSYoungGen: 1247K->1247K(1536K)] [ParOldGen: 3972K->3972K(4096K)] 5219K->5219K(5632K), [Metaspace: 2806K->2806K(1056768K)], 0.0186759 secs] [Times: user=0.06 sys=0.00, real=0.02 secs] 
2021-09-18T01:10:21.155-0800: 4.858: [Full GC (Ergonomics) [PSYoungGen: 1247K->1247K(1536K)] [ParOldGen: 3974K->3974K(4096K)] 5221K->5221K(5632K), [Metaspace: 2806K->2806K(1056768K)], 0.0189558 secs] [Times: user=0.05 sys=0.00, real=0.02 secs] 
2021-09-18T01:10:21.174-0800: 4.878: [Full GC (Ergonomics) [PSYoungGen: 1247K->1247K(1536K)] [ParOldGen: 3976K->3976K(4096K)] 5223K->5223K(5632K), [Metaspace: 2806K->2806K(1056768K)], 0.0184158 secs] [Times: user=0.06 sys=0.00, real=0.02 secs] 
2021-09-18T01:10:21.192-0800: 4.896: [Full GC (Ergonomics) [PSYoungGen: 1247K->1247K(1536K)] [ParOldGen: 3978K->3978K(4096K)] 5225K->5225K(5632K), [Metaspace: 2806K->2806K(1056768K)], 0.0181417 secs] [Times: user=0.05 sys=0.00, real=0.02 secs] 
2021-09-18T01:10:21.211-0800: 4.915: [Full GC (Ergonomics) [PSYoungGen: 1247K->1247K(1536K)] [ParOldGen: 3980K->3980K(4096K)] 5227K->5227K(5632K), [Metaspace: 2806K->2806K(1056768K)], 0.0182286 secs] [Times: user=0.06 sys=0.00, real=0.01 secs] 
2021-09-18T01:10:21.229-0800: 4.933: [Full GC (Ergonomics) [PSYoungGen: 1247K->1247K(1536K)] [ParOldGen: 3981K->3981K(4096K)] 5228K->5228K(5632K), [Metaspace: 2806K->2806K(1056768K)], 0.0184268 secs] [Times: user=0.05 sys=0.00, real=0.02 secs] 
2021-09-18T01:10:21.248-0800: 4.952: [Full GC (Ergonomics) [PSYoungGen: 1247K->1247K(1536K)] [ParOldGen: 3983K->3983K(4096K)] 5230K->5230K(5632K), [Metaspace: 2806K->2806K(1056768K)], 0.0190596 secs] [Times: user=0.05 sys=0.00, real=0.02 secs] 
2021-09-18T01:10:21.267-0800: 4.971: [Full GC (Ergonomics) [PSYoungGen: 1247K->1247K(1536K)] [ParOldGen: 3985K->3985K(4096K)] 5232K->5232K(5632K), [Metaspace: 2806K->2806K(1056768K)], 0.0180771 secs] [Times: user=0.06 sys=0.00, real=0.02 secs] 
2021-09-18T01:10:21.286-0800: 4.990: [Full GC (Ergonomics) [PSYoungGen: 1247K->1247K(1536K)] [ParOldGen: 3987K->3987K(4096K)] 5234K->5234K(5632K), [Metaspace: 2806K->2806K(1056768K)], 0.0183256 secs] [Times: user=0.05 sys=0.00, real=0.02 secs] 
2021-09-18T01:10:21.304-0800: 5.008: [Full GC (Ergonomics) [PSYoungGen: 1247K->1247K(1536K)] [ParOldGen: 3989K->3989K(4096K)] 5236K->5236K(5632K), [Metaspace: 2806K->2806K(1056768K)], 0.0195556 secs] [Times: user=0.06 sys=0.00, real=0.02 secs] 
2021-09-18T01:10:21.324-0800: 5.028: [Full GC (Ergonomics) [PSYoungGen: 1247K->1247K(1536K)] [ParOldGen: 3991K->3991K(4096K)] 5238K->5238K(5632K), [Metaspace: 2806K->2806K(1056768K)], 0.0195888 secs] [Times: user=0.05 sys=0.00, real=0.02 secs] 
2021-09-18T01:10:21.344-0800: 5.048: [Full GC (Ergonomics) [PSYoungGen: 1247K->1247K(1536K)] [ParOldGen: 3993K->3993K(4096K)] 5240K->5240K(5632K), [Metaspace: 2806K->2806K(1056768K)], 0.0182511 secs] [Times: user=0.05 sys=0.00, real=0.02 secs] 
2021-09-18T01:10:21.362-0800: 5.066: [Full GC (Ergonomics) [PSYoungGen: 1247K->1247K(1536K)] [ParOldGen: 3994K->3994K(4096K)] 5242K->5242K(5632K), [Metaspace: 2806K->2806K(1056768K)], 0.0181951 secs] [Times: user=0.06 sys=0.00, real=0.02 secs] 
2021-09-18T01:10:21.381-0800: 5.085: [Full GC (Ergonomics) [PSYoungGen: 1247K->1247K(1536K)] [ParOldGen: 3996K->3996K(4096K)] 5244K->5244K(5632K), [Metaspace: 2806K->2806K(1056768K)], 0.0182716 secs] [Times: user=0.05 sys=0.00, real=0.01 secs] 
2021-09-18T01:10:21.399-0800: 5.103: [Full GC (Ergonomics) [PSYoungGen: 1247K->1247K(1536K)] [ParOldGen: 3998K->3998K(4096K)] 5245K->5245K(5632K), [Metaspace: 2806K->2806K(1056768K)], 0.0179636 secs] [Times: user=0.06 sys=0.01, real=0.02 secs] 
2021-09-18T01:10:21.417-0800: 5.121: [Full GC (Ergonomics) [PSYoungGen: 1247K->1247K(1536K)] [ParOldGen: 4000K->4000K(4096K)] 5247K->5247K(5632K), [Metaspace: 2806K->2806K(1056768K)], 0.0182172 secs] [Times: user=0.05 sys=0.00, real=0.02 secs] 
2021-09-18T01:10:21.436-0800: 5.140: [Full GC (Ergonomics) [PSYoungGen: 1247K->1247K(1536K)] [ParOldGen: 4002K->4002K(4096K)] 5249K->5249K(5632K), [Metaspace: 2807K->2807K(1056768K)], 0.0187847 secs] [Times: user=0.05 sys=0.00, real=0.02 secs] 
2021-09-18 01:10:21 GC log file has reached the maximum size. Saved as ./file/gc.log.2
