2021-09-18 01:10:20 GC log file created ./file/gc.log.1
Java HotSpot(TM) 64-Bit Server VM (25.131-b11) for bsd-amd64 JRE (1.8.0_131-b11), built on Mar 15 2017 01:32:22 by "java_re" with gcc 4.2.1 (Based on Apple Inc. build 5658) (LLVM build 2336.11.00)
Memory: 4k page, physical 8388608k(18896k free)

/proc/meminfo:

CommandLine flags: -XX:CICompilerCount=3 -XX:GCLogFileSize=8192 -XX:InitialHeapSize=6291456 -XX:MaxHeapSize=6291456 -XX:MaxMetaspaceSize=10485760 -XX:MaxNewSize=2097152 -XX:MetaspaceSize=5242880 -XX:MinHeapDeltaBytes=524288 -XX:NewSize=2097152 -XX:NumberOfGCLogFiles=3 -XX:OldSize=4194304 -XX:+PrintCommandLineFlags -XX:+PrintFlagsFinal -XX:+PrintGC -XX:+PrintGCDateStamps -XX:+PrintGCDetails -XX:+PrintGCTimeStamps -XX:+UseCompressedClassPointers -XX:+UseCompressedOops -XX:+UseFastUnorderedTimeStamps -XX:+UseGCLogFileRotation -XX:+UseParallelOldGC 
2021-09-18T01:10:20.342-0800: 4.046: [Full GC (Ergonomics) [PSYoungGen: 1247K->1247K(1536K)] [ParOldGen: 3893K->3893K(4096K)] 5140K->5140K(5632K), [Metaspace: 2801K->2801K(1056768K)], 0.0187057 secs] [Times: user=0.04 sys=0.00, real=0.02 secs] 
2021-09-18T01:10:20.361-0800: 4.065: [Full GC (Ergonomics) [PSYoungGen: 1247K->1247K(1536K)] [ParOldGen: 3895K->3895K(4096K)] 5142K->5142K(5632K), [Metaspace: 2801K->2801K(1056768K)], 0.0178080 secs] [Times: user=0.06 sys=0.00, real=0.01 secs] 
2021-09-18T01:10:20.379-0800: 4.083: [Full GC (Ergonomics) [PSYoungGen: 1247K->1247K(1536K)] [ParOldGen: 3897K->3897K(4096K)] 5144K->5144K(5632K), [Metaspace: 2801K->2801K(1056768K)], 0.0176515 secs] [Times: user=0.05 sys=0.00, real=0.02 secs] 
2021-09-18T01:10:20.397-0800: 4.101: [Full GC (Ergonomics) [PSYoungGen: 1247K->1247K(1536K)] [ParOldGen: 3899K->3899K(4096K)] 5146K->5146K(5632K), [Metaspace: 2801K->2801K(1056768K)], 0.0176417 secs] [Times: user=0.06 sys=0.01, real=0.02 secs] 
2021-09-18T01:10:20.415-0800: 4.119: [Full GC (Ergonomics) [PSYoungGen: 1247K->1247K(1536K)] [ParOldGen: 3900K->3900K(4096K)] 5147K->5147K(5632K), [Metaspace: 2801K->2801K(1056768K)], 0.0175634 secs] [Times: user=0.05 sys=0.00, real=0.02 secs] 
2021-09-18T01:10:20.433-0800: 4.137: [Full GC (Ergonomics) [PSYoungGen: 1247K->1247K(1536K)] [ParOldGen: 3902K->3902K(4096K)] 5149K->5149K(5632K), [Metaspace: 2801K->2801K(1056768K)], 0.0174212 secs] [Times: user=0.05 sys=0.00, real=0.02 secs] 
2021-09-18T01:10:20.451-0800: 4.155: [Full GC (Ergonomics) [PSYoungGen: 1247K->1247K(1536K)] [ParOldGen: 3904K->3904K(4096K)] 5151K->5151K(5632K), [Metaspace: 2801K->2801K(1056768K)], 0.0174153 secs] [Times: user=0.05 sys=0.00, real=0.01 secs] 
2021-09-18T01:10:20.468-0800: 4.172: [Full GC (Ergonomics) [PSYoungGen: 1247K->1247K(1536K)] [ParOldGen: 3906K->3906K(4096K)] 5153K->5153K(5632K), [Metaspace: 2801K->2801K(1056768K)], 0.0176362 secs] [Times: user=0.06 sys=0.00, real=0.02 secs] 
2021-09-18T01:10:20.486-0800: 4.190: [Full GC (Ergonomics) [PSYoungGen: 1247K->1247K(1536K)] [ParOldGen: 3908K->3908K(4096K)] 5155K->5155K(5632K), [Metaspace: 2801K->2801K(1056768K)], 0.0175059 secs] [Times: user=0.05 sys=0.00, real=0.02 secs] 
2021-09-18T01:10:20.504-0800: 4.208: [Full GC (Ergonomics) [PSYoungGen: 1247K->1247K(1536K)] [ParOldGen: 3909K->3909K(4096K)] 5157K->5157K(5632K), [Metaspace: 2801K->2801K(1056768K)], 0.0174495 secs] [Times: user=0.05 sys=0.00, real=0.02 secs] 
2021-09-18T01:10:20.522-0800: 4.225: [Full GC (Ergonomics) [PSYoungGen: 1247K->1247K(1536K)] [ParOldGen: 3911K->3911K(4096K)] 5158K->5158K(5632K), [Metaspace: 2801K->2801K(1056768K)], 0.0175463 secs] [Times: user=0.06 sys=0.00, real=0.01 secs] 
2021-09-18T01:10:20.539-0800: 4.243: [Full GC (Ergonomics) [PSYoungGen: 1247K->1247K(1536K)] [ParOldGen: 3913K->3913K(4096K)] 5160K->5160K(5632K), [Metaspace: 2802K->2802K(1056768K)], 0.0177279 secs] [Times: user=0.05 sys=0.00, real=0.02 secs] 
2021-09-18T01:10:20.557-0800: 4.261: [Full GC (Ergonomics) [PSYoungGen: 1247K->1247K(1536K)] [ParOldGen: 3915K->3915K(4096K)] 5162K->5162K(5632K), [Metaspace: 2802K->2802K(1056768K)], 0.0184571 secs] [Times: user=0.05 sys=0.00, real=0.02 secs] 
2021-09-18T01:10:20.576-0800: 4.280: [Full GC (Ergonomics) [PSYoungGen: 1247K->1247K(1536K)] [ParOldGen: 3917K->3917K(4096K)] 5164K->5164K(5632K), [Metaspace: 2802K->2802K(1056768K)], 0.0177095 secs] [Times: user=0.05 sys=0.00, real=0.02 secs] 
2021-09-18T01:10:20.594-0800: 4.298: [Full GC (Ergonomics) [PSYoungGen: 1247K->1247K(1536K)] [ParOldGen: 3919K->3919K(4096K)] 5166K->5166K(5632K), [Metaspace: 2802K->2802K(1056768K)], 0.0181139 secs] [Times: user=0.05 sys=0.00, real=0.02 secs] 
2021-09-18T01:10:20.612-0800: 4.316: [Full GC (Ergonomics) [PSYoungGen: 1247K->1247K(1536K)] [ParOldGen: 3920K->3920K(4096K)] 5168K->5168K(5632K), [Metaspace: 2802K->2802K(1056768K)], 0.0186822 secs] [Times: user=0.06 sys=0.00, real=0.02 secs] 
2021-09-18T01:10:20.631-0800: 4.335: [Full GC (Ergonomics) [PSYoungGen: 1247K->1247K(1536K)] [ParOldGen: 3922K->3922K(4096K)] 5169K->5169K(5632K), [Metaspace: 2804K->2804K(1056768K)], 0.0180446 secs] [Times: user=0.05 sys=0.00, real=0.02 secs] 
2021-09-18T01:10:20.650-0800: 4.354: [Full GC (Ergonomics) [PSYoungGen: 1247K->1247K(1536K)] [ParOldGen: 3924K->3924K(4096K)] 5171K->5171K(5632K), [Metaspace: 2804K->2804K(1056768K)], 0.0175951 secs] [Times: user=0.06 sys=0.00, real=0.01 secs] 
2021-09-18T01:10:20.668-0800: 4.372: [Full GC (Ergonomics) [PSYoungGen: 1247K->1247K(1536K)] [ParOldGen: 3926K->3926K(4096K)] 5173K->5173K(5632K), [Metaspace: 2805K->2805K(1056768K)], 0.0176894 secs] [Times: user=0.05 sys=0.00, real=0.02 secs] 
2021-09-18T01:10:20.686-0800: 4.389: [Full GC (Ergonomics) [PSYoungGen: 1247K->1247K(1536K)] [ParOldGen: 3928K->3928K(4096K)] 5175K->5175K(5632K), [Metaspace: 2805K->2805K(1056768K)], 0.0175971 secs] [Times: user=0.05 sys=0.00, real=0.02 secs] 
2021-09-18T01:10:20.703-0800: 4.407: [Full GC (Ergonomics) [PSYoungGen: 1247K->1247K(1536K)] [ParOldGen: 3930K->3930K(4096K)] 5177K->5177K(5632K), [Metaspace: 2805K->2805K(1056768K)], 0.0205968 secs] [Times: user=0.06 sys=0.00, real=0.02 secs] 
2021-09-18T01:10:20.724-0800: 4.428: [Full GC (Ergonomics) [PSYoungGen: 1247K->1247K(1536K)] [ParOldGen: 3932K->3932K(4096K)] 5179K->5179K(5632K), [Metaspace: 2805K->2805K(1056768K)], 0.0186154 secs] [Times: user=0.05 sys=0.01, real=0.02 secs] 
2021-09-18T01:10:20.743-0800: 4.447: [Full GC (Ergonomics) [PSYoungGen: 1247K->1247K(1536K)] [ParOldGen: 3933K->3933K(4096K)] 5181K->5181K(5632K), [Metaspace: 2805K->2805K(1056768K)], 0.0182072 secs] [Times: user=0.05 sys=0.00, real=0.02 secs] 
2021-09-18T01:10:20.762-0800: 4.466: [Full GC (Ergonomics) [PSYoungGen: 1247K->1247K(1536K)] [ParOldGen: 3935K->3935K(4096K)] 5182K->5182K(5632K), [Metaspace: 2805K->2805K(1056768K)], 0.0182132 secs] [Times: user=0.06 sys=0.00, real=0.02 secs] 
2021-09-18T01:10:20.780-0800: 4.484: [Full GC (Ergonomics) [PSYoungGen: 1247K->1247K(1536K)] [ParOldGen: 3937K->3937K(4096K)] 5184K->5184K(5632K), [Metaspace: 2805K->2805K(1056768K)], 0.0187907 secs] [Times: user=0.05 sys=0.00, real=0.01 secs] 
2021-09-18T01:10:20.799-0800: 4.503: [Full GC (Ergonomics) [PSYoungGen: 1247K->1247K(1536K)] [ParOldGen: 3939K->3939K(4096K)] 5186K->5186K(5632K), [Metaspace: 2805K->2805K(1056768K)], 0.0182008 secs] [Times: user=0.05 sys=0.00, real=0.02 secs] 
2021-09-18T01:10:20.818-0800: 4.521: [Full GC (Ergonomics) [PSYoungGen: 1247K->1247K(1536K)] [ParOldGen: 3941K->3941K(4096K)] 5188K->5188K(5632K), [Metaspace: 2805K->2805K(1056768K)], 0.0184897 secs] [Times: user=0.06 sys=0.00, real=0.02 secs] 
2021-09-18T01:10:20.836-0800: 4.540: [Full GC (Ergonomics) [PSYoungGen: 1247K->1247K(1536K)] [ParOldGen: 3943K->3943K(4096K)] 5190K->5190K(5632K), [Metaspace: 2805K->2805K(1056768K)], 0.0182478 secs] [Times: user=0.05 sys=0.00, real=0.02 secs] 
2021-09-18T01:10:20.855-0800: 4.559: [Full GC (Ergonomics) [PSYoungGen: 1247K->1247K(1536K)] [ParOldGen: 3944K->3944K(4096K)] 5192K->5192K(5632K), [Metaspace: 2805K->2805K(1056768K)], 0.0179445 secs] [Times: user=0.05 sys=0.00, real=0.02 secs] 
2021-09-18T01:10:20.873-0800: 4.577: [Full GC (Ergonomics) [PSYoungGen: 1247K->1247K(1536K)] [ParOldGen: 3946K->3946K(4096K)] 5193K->5193K(5632K), [Metaspace: 2805K->2805K(1056768K)], 0.0180500 secs] [Times: user=0.06 sys=0.00, real=0.02 secs] 
2021-09-18 01:10:20 GC log file has reached the maximum size. Saved as ./file/gc.log.1
