Java HotSpot(TM) 64-Bit Server VM (25.131-b11) for bsd-amd64 JRE (1.8.0_131-b11), built on Mar 15 2017 01:32:22 by "java_re" with gcc 4.2.1 (Based on Apple Inc. build 5658) (LLVM build 2336.11.00)
Memory: 4k page, physical 8388608k(160368k free)

/proc/meminfo:

CommandLine flags: -XX:InitialHeapSize=5242880 -XX:MaxHeapSize=5242880 -XX:MaxMetaspaceSize=10485760 -XX:MetaspaceSize=5242880 -XX:+PrintCommandLineFlags -XX:+PrintFlagsFinal -XX:+PrintGC -XX:+PrintGCDateStamps -XX:+PrintGCDetails -XX:+PrintGCTimeStamps -XX:+UseCompressedClassPointers -XX:+UseCompressedOops -XX:+UseParallelGC 
2021-09-18T00:49:16.706-0800: 0.338: [GC (Allocation Failure) [PSYoungGen: 1024K->488K(1536K)] 1024K->688K(5632K), 0.0106678 secs] [Times: user=0.01 sys=0.00, real=0.01 secs] 
2021-09-18T00:49:16.726-0800: 0.358: [GC (Allocation Failure) [PSYoungGen: 1481K->498K(1536K)] 1681K->1530K(5632K), 0.0022604 secs] [Times: user=0.01 sys=0.00, real=0.00 secs] 
2021-09-18T00:49:16.735-0800: 0.367: [GC (Allocation Failure) [PSYoungGen: 1522K->489K(1536K)] 2554K->2373K(5632K), 0.0030258 secs] [Times: user=0.01 sys=0.00, real=0.00 secs] 
2021-09-18T00:49:16.743-0800: 0.376: [GC (Allocation Failure) [PSYoungGen: 1513K->501K(1536K)] 3397K->3233K(5632K), 0.0025815 secs] [Times: user=0.01 sys=0.00, real=0.00 secs] 
2021-09-18T00:49:16.756-0800: 0.388: [GC (Allocation Failure) [PSYoungGen: 1525K->501K(1536K)] 4257K->4290K(5632K), 0.0034019 secs] [Times: user=0.01 sys=0.00, real=0.00 secs] 
2021-09-18T00:49:16.759-0800: 0.392: [Full GC (Ergonomics) [PSYoungGen: 501K->491K(1536K)] [ParOldGen: 3788K->3669K(4096K)] 4290K->4161K(5632K), [Metaspace: 2665K->2665K(1056768K)], 0.0513993 secs] [Times: user=0.06 sys=0.00, real=0.06 secs] 
2021-09-18T00:49:16.817-0800: 0.449: [Full GC (Ergonomics) [PSYoungGen: 1515K->1216K(1536K)] [ParOldGen: 3669K->3669K(4096K)] 5185K->4886K(5632K), [Metaspace: 2665K->2665K(1056768K)], 0.0415516 secs] [Times: user=0.05 sys=0.00, real=0.04 secs] 
2021-09-18T00:49:16.862-0800: 0.494: [Full GC (Ergonomics) [PSYoungGen: 1237K->1237K(1536K)] [ParOldGen: 3669K->3669K(4096K)] 4907K->4907K(5632K), [Metaspace: 2665K->2665K(1056768K)], 0.0291751 secs] [Times: user=0.04 sys=0.00, real=0.03 secs] 
2021-09-18T00:49:16.892-0800: 0.524: [Full GC (Ergonomics) [PSYoungGen: 1237K->1237K(1536K)] [ParOldGen: 3669K->3669K(4096K)] 4907K->4907K(5632K), [Metaspace: 2665K->2665K(1056768K)], 0.0270523 secs] [Times: user=0.03 sys=0.00, real=0.02 secs] 
2021-09-18T00:49:16.919-0800: 0.551: [Full GC (Ergonomics) [PSYoungGen: 1237K->1237K(1536K)] [ParOldGen: 3671K->3671K(4096K)] 4909K->4909K(5632K), [Metaspace: 2665K->2665K(1056768K)], 0.0213196 secs] [Times: user=0.03 sys=0.00, real=0.03 secs] 
2021-09-18T00:49:16.941-0800: 0.573: [Full GC (Ergonomics) [PSYoungGen: 1237K->1237K(1536K)] [ParOldGen: 3673K->3673K(4096K)] 4910K->4910K(5632K), [Metaspace: 2665K->2665K(1056768K)], 0.0280818 secs] [Times: user=0.04 sys=0.00, real=0.02 secs] 
2021-09-18T00:49:16.969-0800: 0.601: [Full GC (Ergonomics) [PSYoungGen: 1237K->1237K(1536K)] [ParOldGen: 3675K->3675K(4096K)] 4912K->4912K(5632K), [Metaspace: 2665K->2665K(1056768K)], 0.0258502 secs] [Times: user=0.03 sys=0.00, real=0.03 secs] 
2021-09-18T00:49:16.995-0800: 0.627: [Full GC (Ergonomics) [PSYoungGen: 1237K->1237K(1536K)] [ParOldGen: 3676K->3676K(4096K)] 4914K->4914K(5632K), [Metaspace: 2665K->2665K(1056768K)], 0.0236986 secs] [Times: user=0.03 sys=0.00, real=0.02 secs] 
2021-09-18T00:49:17.019-0800: 0.651: [Full GC (Ergonomics) [PSYoungGen: 1237K->1237K(1536K)] [ParOldGen: 3678K->3678K(4096K)] 4916K->4916K(5632K), [Metaspace: 2665K->2665K(1056768K)], 0.0374117 secs] [Times: user=0.04 sys=0.00, real=0.04 secs] 
2021-09-18T00:49:17.057-0800: 0.689: [Full GC (Ergonomics) [PSYoungGen: 1237K->1237K(1536K)] [ParOldGen: 3680K->3680K(4096K)] 4917K->4917K(5632K), [Metaspace: 2665K->2665K(1056768K)], 0.0237390 secs] [Times: user=0.03 sys=0.00, real=0.03 secs] 
2021-09-18T00:49:17.081-0800: 0.713: [Full GC (Ergonomics) [PSYoungGen: 1237K->1237K(1536K)] [ParOldGen: 3682K->3682K(4096K)] 4919K->4919K(5632K), [Metaspace: 2665K->2665K(1056768K)], 0.0271650 secs] [Times: user=0.04 sys=0.00, real=0.02 secs] 
2021-09-18T00:49:17.108-0800: 0.740: [Full GC (Ergonomics) [PSYoungGen: 1237K->1237K(1536K)] [ParOldGen: 3683K->3683K(4096K)] 4921K->4921K(5632K), [Metaspace: 2665K->2665K(1056768K)], 0.0360294 secs] [Times: user=0.03 sys=0.00, real=0.04 secs] 
2021-09-18T00:49:17.144-0800: 0.776: [Full GC (Ergonomics) [PSYoungGen: 1237K->1237K(1536K)] [ParOldGen: 3685K->3685K(4096K)] 4923K->4923K(5632K), [Metaspace: 2665K->2665K(1056768K)], 0.0212858 secs] [Times: user=0.03 sys=0.00, real=0.02 secs] 
2021-09-18T00:49:17.166-0800: 0.798: [Full GC (Ergonomics) [PSYoungGen: 1237K->1237K(1536K)] [ParOldGen: 3687K->3687K(4096K)] 4924K->4924K(5632K), [Metaspace: 2665K->2665K(1056768K)], 0.0222303 secs] [Times: user=0.04 sys=0.00, real=0.02 secs] 
2021-09-18T00:49:17.188-0800: 0.820: [Full GC (Ergonomics) [PSYoungGen: 1237K->1237K(1536K)] [ParOldGen: 3689K->3689K(4096K)] 4926K->4926K(5632K), [Metaspace: 2665K->2665K(1056768K)], 0.0207584 secs] [Times: user=0.02 sys=0.00, real=0.02 secs] 
2021-09-18T00:49:17.209-0800: 0.841: [Full GC (Ergonomics) [PSYoungGen: 1237K->1237K(1536K)] [ParOldGen: 3690K->3690K(4096K)] 4928K->4928K(5632K), [Metaspace: 2665K->2665K(1056768K)], 0.0210406 secs] [Times: user=0.04 sys=0.00, real=0.03 secs] 
2021-09-18T00:49:17.230-0800: 0.862: [Full GC (Ergonomics) [PSYoungGen: 1237K->1237K(1536K)] [ParOldGen: 3692K->3692K(4096K)] 4930K->4930K(5632K), [Metaspace: 2665K->2665K(1056768K)], 0.0237255 secs] [Times: user=0.03 sys=0.01, real=0.02 secs] 
2021-09-18T00:49:17.254-0800: 0.886: [Full GC (Ergonomics) [PSYoungGen: 1237K->1237K(1536K)] [ParOldGen: 3694K->3694K(4096K)] 4931K->4931K(5632K), [Metaspace: 2665K->2665K(1056768K)], 0.0277906 secs] [Times: user=0.03 sys=0.00, real=0.03 secs] 
2021-09-18T00:49:17.282-0800: 0.914: [Full GC (Ergonomics) [PSYoungGen: 1237K->1237K(1536K)] [ParOldGen: 3696K->3696K(4096K)] 4933K->4933K(5632K), [Metaspace: 2665K->2665K(1056768K)], 0.0208777 secs] [Times: user=0.02 sys=0.00, real=0.02 secs] 
2021-09-18T00:49:17.303-0800: 0.935: [Full GC (Ergonomics) [PSYoungGen: 1237K->1237K(1536K)] [ParOldGen: 3697K->3697K(4096K)] 4935K->4935K(5632K), [Metaspace: 2665K->2665K(1056768K)], 0.0222679 secs] [Times: user=0.04 sys=0.00, real=0.02 secs] 
2021-09-18T00:49:17.326-0800: 0.958: [Full GC (Ergonomics) [PSYoungGen: 1237K->1237K(1536K)] [ParOldGen: 3699K->3699K(4096K)] 4937K->4937K(5632K), [Metaspace: 2665K->2665K(1056768K)], 0.0220791 secs] [Times: user=0.04 sys=0.00, real=0.02 secs] 
2021-09-18T00:49:17.348-0800: 0.980: [Full GC (Ergonomics) [PSYoungGen: 1237K->1237K(1536K)] [ParOldGen: 3701K->3701K(4096K)] 4938K->4938K(5632K), [Metaspace: 2665K->2665K(1056768K)], 0.0230507 secs] [Times: user=0.03 sys=0.00, real=0.03 secs] 
2021-09-18T00:49:17.371-0800: 1.003: [Full GC (Ergonomics) [PSYoungGen: 1237K->1237K(1536K)] [ParOldGen: 3703K->3703K(4096K)] 4940K->4940K(5632K), [Metaspace: 2665K->2665K(1056768K)], 0.0196184 secs] [Times: user=0.04 sys=0.00, real=0.02 secs] 
2021-09-18T00:49:17.391-0800: 1.023: [Full GC (Ergonomics) [PSYoungGen: 1237K->1237K(1536K)] [ParOldGen: 3704K->3704K(4096K)] 4942K->4942K(5632K), [Metaspace: 2665K->2665K(1056768K)], 0.0285877 secs] [Times: user=0.03 sys=0.00, real=0.03 secs] 
2021-09-18T00:49:17.420-0800: 1.052: [Full GC (Ergonomics) [PSYoungGen: 1237K->1237K(1536K)] [ParOldGen: 3706K->3706K(4096K)] 4944K->4944K(5632K), [Metaspace: 2665K->2665K(1056768K)], 0.0211840 secs] [Times: user=0.03 sys=0.00, real=0.02 secs] 
2021-09-18T00:49:17.441-0800: 1.073: [Full GC (Ergonomics) [PSYoungGen: 1237K->1237K(1536K)] [ParOldGen: 3708K->3696K(4096K)] 4945K->4933K(5632K), [Metaspace: 2665K->2665K(1056768K)], 0.0333211 secs] [Times: user=0.05 sys=0.00, real=0.03 secs] 
2021-09-18T00:49:17.475-0800: 1.107: [Full GC (Ergonomics) [PSYoungGen: 1237K->1237K(1536K)] [ParOldGen: 3698K->3698K(4096K)] 4935K->4935K(5632K), [Metaspace: 2665K->2665K(1056768K)], 0.0207478 secs] [Times: user=0.04 sys=0.00, real=0.02 secs] 
2021-09-18T00:49:17.496-0800: 1.128: [Full GC (Ergonomics) [PSYoungGen: 1237K->1237K(1536K)] [ParOldGen: 3700K->3700K(4096K)] 4937K->4937K(5632K), [Metaspace: 2665K->2665K(1056768K)], 0.0242945 secs] [Times: user=0.04 sys=0.00, real=0.03 secs] 
2021-09-18T00:49:17.520-0800: 1.152: [Full GC (Ergonomics) [PSYoungGen: 1237K->1237K(1536K)] [ParOldGen: 3702K->3702K(4096K)] 4939K->4939K(5632K), [Metaspace: 2665K->2665K(1056768K)], 0.0653315 secs] [Times: user=0.03 sys=0.00, real=0.06 secs] 
2021-09-18T00:49:17.586-0800: 1.219: [Full GC (Ergonomics) [PSYoungGen: 1237K->1237K(1536K)] [ParOldGen: 3703K->3703K(4096K)] 4941K->4941K(5632K), [Metaspace: 2665K->2665K(1056768K)], 0.0673924 secs] [Times: user=0.05 sys=0.00, real=0.07 secs] 
2021-09-18T00:49:17.654-0800: 1.286: [Full GC (Ergonomics) [PSYoungGen: 1237K->1237K(1536K)] [ParOldGen: 3705K->3705K(4096K)] 4943K->4943K(5632K), [Metaspace: 2665K->2665K(1056768K)], 0.0369009 secs] [Times: user=0.04 sys=0.00, real=0.04 secs] 
2021-09-18T00:49:17.691-0800: 1.323: [Full GC (Ergonomics) [PSYoungGen: 1237K->1237K(1536K)] [ParOldGen: 3707K->3707K(4096K)] 4944K->4944K(5632K), [Metaspace: 2665K->2665K(1056768K)], 0.0360075 secs] [Times: user=0.03 sys=0.00, real=0.03 secs] 
2021-09-18T00:49:17.728-0800: 1.360: [Full GC (Ergonomics) [PSYoungGen: 1237K->1237K(1536K)] [ParOldGen: 3709K->3709K(4096K)] 4946K->4946K(5632K), [Metaspace: 2668K->2668K(1056768K)], 0.0246320 secs] [Times: user=0.04 sys=0.00, real=0.03 secs] 
2021-09-18T00:49:17.752-0800: 1.385: [Full GC (Ergonomics) [PSYoungGen: 1237K->1237K(1536K)] [ParOldGen: 3710K->3710K(4096K)] 4948K->4948K(5632K), [Metaspace: 2669K->2669K(1056768K)], 0.0222216 secs] [Times: user=0.04 sys=0.01, real=0.02 secs] 
2021-09-18T00:49:17.775-0800: 1.407: [Full GC (Ergonomics) [PSYoungGen: 1237K->1237K(1536K)] [ParOldGen: 3712K->3712K(4096K)] 4950K->4950K(5632K), [Metaspace: 2669K->2669K(1056768K)], 0.0208884 secs] [Times: user=0.04 sys=0.00, real=0.02 secs] 
2021-09-18T00:49:17.796-0800: 1.428: [Full GC (Ergonomics) [PSYoungGen: 1237K->1237K(1536K)] [ParOldGen: 3714K->3714K(4096K)] 4951K->4951K(5632K), [Metaspace: 2669K->2669K(1056768K)], 0.0244423 secs] [Times: user=0.03 sys=0.00, real=0.03 secs] 
2021-09-18T00:49:17.821-0800: 1.453: [Full GC (Ergonomics) [PSYoungGen: 1237K->1237K(1536K)] [ParOldGen: 3716K->3716K(4096K)] 4953K->4953K(5632K), [Metaspace: 2669K->2669K(1056768K)], 0.0244306 secs] [Times: user=0.04 sys=0.00, real=0.02 secs] 
2021-09-18T00:49:17.846-0800: 1.478: [Full GC (Ergonomics) [PSYoungGen: 1237K->1237K(1536K)] [ParOldGen: 3717K->3717K(4096K)] 4955K->4955K(5632K), [Metaspace: 2669K->2669K(1056768K)], 0.0344795 secs] [Times: user=0.04 sys=0.00, real=0.04 secs] 
2021-09-18T00:49:17.880-0800: 1.513: [Full GC (Ergonomics) [PSYoungGen: 1237K->1237K(1536K)] [ParOldGen: 3719K->3719K(4096K)] 4957K->4957K(5632K), [Metaspace: 2669K->2669K(1056768K)], 0.0219317 secs] [Times: user=0.04 sys=0.00, real=0.02 secs] 
2021-09-18T00:49:17.903-0800: 1.535: [Full GC (Ergonomics) [PSYoungGen: 1237K->1237K(1536K)] [ParOldGen: 3721K->3721K(4096K)] 4958K->4958K(5632K), [Metaspace: 2669K->2669K(1056768K)], 0.0248427 secs] [Times: user=0.03 sys=0.00, real=0.02 secs] 
2021-09-18T00:49:17.928-0800: 1.560: [Full GC (Ergonomics) [PSYoungGen: 1237K->1237K(1536K)] [ParOldGen: 3723K->3723K(4096K)] 4960K->4960K(5632K), [Metaspace: 2669K->2669K(1056768K)], 0.0248145 secs] [Times: user=0.03 sys=0.00, real=0.03 secs] 
2021-09-18T00:49:17.953-0800: 1.585: [Full GC (Ergonomics) [PSYoungGen: 1237K->1237K(1536K)] [ParOldGen: 3724K->3724K(4096K)] 4962K->4962K(5632K), [Metaspace: 2669K->2669K(1056768K)], 0.0249893 secs] [Times: user=0.04 sys=0.00, real=0.02 secs] 
2021-09-18T00:49:17.978-0800: 1.610: [Full GC (Ergonomics) [PSYoungGen: 1237K->1237K(1536K)] [ParOldGen: 3726K->3726K(4096K)] 4964K->4964K(5632K), [Metaspace: 2669K->2669K(1056768K)], 0.0340489 secs] [Times: user=0.03 sys=0.00, real=0.04 secs] 
2021-09-18T00:49:18.012-0800: 1.644: [Full GC (Ergonomics) [PSYoungGen: 1237K->1237K(1536K)] [ParOldGen: 3728K->3728K(4096K)] 4966K->4966K(5632K), [Metaspace: 2669K->2669K(1056768K)], 0.0419863 secs] [Times: user=0.04 sys=0.00, real=0.04 secs] 
2021-09-18T00:49:18.054-0800: 1.687: [Full GC (Ergonomics) [PSYoungGen: 1237K->1237K(1536K)] [ParOldGen: 3730K->3730K(4096K)] 4967K->4967K(5632K), [Metaspace: 2673K->2673K(1056768K)], 0.0359020 secs] [Times: user=0.03 sys=0.00, real=0.04 secs] 
2021-09-18T00:49:18.091-0800: 1.723: [Full GC (Ergonomics) [PSYoungGen: 1237K->1237K(1536K)] [ParOldGen: 3732K->3732K(4096K)] 4969K->4969K(5632K), [Metaspace: 2674K->2674K(1056768K)], 0.0385913 secs] [Times: user=0.03 sys=0.00, real=0.03 secs] 
2021-09-18T00:49:18.130-0800: 1.762: [Full GC (Ergonomics) [PSYoungGen: 1237K->1237K(1536K)] [ParOldGen: 3734K->3733K(4096K)] 4971K->4971K(5632K), [Metaspace: 2674K->2674K(1056768K)], 0.0279426 secs] [Times: user=0.04 sys=0.00, real=0.02 secs] 
2021-09-18T00:49:18.158-0800: 1.790: [Full GC (Ergonomics) [PSYoungGen: 1237K->1237K(1536K)] [ParOldGen: 3739K->3739K(4096K)] 4977K->4977K(5632K), [Metaspace: 2674K->2674K(1056768K)], 0.0234564 secs] [Times: user=0.03 sys=0.00, real=0.03 secs] 
2021-09-18T00:49:18.182-0800: 1.814: [Full GC (Ergonomics) [PSYoungGen: 1237K->1237K(1536K)] [ParOldGen: 3741K->3741K(4096K)] 4979K->4979K(5632K), [Metaspace: 2674K->2674K(1056768K)], 0.0315588 secs] [Times: user=0.04 sys=0.00, real=0.03 secs] 
2021-09-18T00:49:18.214-0800: 1.846: [Full GC (Ergonomics) [PSYoungGen: 1237K->1237K(1536K)] [ParOldGen: 3743K->3743K(4096K)] 4980K->4980K(5632K), [Metaspace: 2674K->2674K(1056768K)], 0.0407216 secs] [Times: user=0.03 sys=0.01, real=0.04 secs] 
2021-09-18T00:49:18.255-0800: 1.887: [Full GC (Ergonomics) [PSYoungGen: 1237K->1237K(1536K)] [ParOldGen: 3745K->3745K(4096K)] 4982K->4982K(5632K), [Metaspace: 2674K->2674K(1056768K)], 0.0256274 secs] [Times: user=0.03 sys=0.00, real=0.03 secs] 
2021-09-18T00:49:18.281-0800: 1.913: [Full GC (Ergonomics) [PSYoungGen: 1237K->1237K(1536K)] [ParOldGen: 3746K->3746K(4096K)] 4984K->4984K(5632K), [Metaspace: 2677K->2677K(1056768K)], 0.0337827 secs] [Times: user=0.03 sys=0.00, real=0.03 secs] 
2021-09-18T00:49:18.315-0800: 1.947: [Full GC (Ergonomics) [PSYoungGen: 1237K->1237K(1536K)] [ParOldGen: 3748K->3748K(4096K)] 4986K->4986K(5632K), [Metaspace: 2677K->2677K(1056768K)], 0.0410271 secs] [Times: user=0.03 sys=0.00, real=0.04 secs] 
2021-09-18T00:49:18.357-0800: 1.989: [Full GC (Ergonomics) [PSYoungGen: 1237K->1237K(1536K)] [ParOldGen: 3750K->3750K(4096K)] 4987K->4987K(5632K), [Metaspace: 2677K->2677K(1056768K)], 0.0483197 secs] [Times: user=0.04 sys=0.00, real=0.05 secs] 
2021-09-18T00:49:18.406-0800: 2.038: [Full GC (Ergonomics) [PSYoungGen: 1237K->1237K(1536K)] [ParOldGen: 3752K->3752K(4096K)] 4989K->4989K(5632K), [Metaspace: 2677K->2677K(1056768K)], 0.0413660 secs] [Times: user=0.04 sys=0.00, real=0.04 secs] 
2021-09-18T00:49:18.447-0800: 2.079: [Full GC (Ergonomics) [PSYoungGen: 1237K->1237K(1536K)] [ParOldGen: 3753K->3753K(4096K)] 4991K->4991K(5632K), [Metaspace: 2677K->2677K(1056768K)], 0.0359023 secs] [Times: user=0.03 sys=0.00, real=0.04 secs] 
2021-09-18T00:49:18.483-0800: 2.116: [Full GC (Ergonomics) [PSYoungGen: 1237K->1237K(1536K)] [ParOldGen: 3755K->3755K(4096K)] 4993K->4993K(5632K), [Metaspace: 2677K->2677K(1056768K)], 0.0371881 secs] [Times: user=0.03 sys=0.00, real=0.04 secs] 
2021-09-18T00:49:18.521-0800: 2.153: [Full GC (Ergonomics) [PSYoungGen: 1237K->1237K(1536K)] [ParOldGen: 3757K->3757K(4096K)] 4994K->4994K(5632K), [Metaspace: 2682K->2682K(1056768K)], 0.0422479 secs] [Times: user=0.03 sys=0.00, real=0.04 secs] 
2021-09-18T00:49:18.564-0800: 2.196: [Full GC (Ergonomics) [PSYoungGen: 1237K->1237K(1536K)] [ParOldGen: 3759K->3759K(4096K)] 4996K->4996K(5632K), [Metaspace: 2683K->2683K(1056768K)], 0.0480367 secs] [Times: user=0.04 sys=0.00, real=0.05 secs] 
2021-09-18T00:49:18.613-0800: 2.245: [Full GC (Ergonomics) [PSYoungGen: 1237K->1237K(1536K)] [ParOldGen: 3760K->3760K(4096K)] 4998K->4998K(5632K), [Metaspace: 2687K->2687K(1056768K)], 0.0359758 secs] [Times: user=0.03 sys=0.00, real=0.03 secs] 
2021-09-18T00:49:18.649-0800: 2.281: [Full GC (Ergonomics) [PSYoungGen: 1237K->1237K(1536K)] [ParOldGen: 3762K->3762K(4096K)] 5000K->5000K(5632K), [Metaspace: 2687K->2687K(1056768K)], 0.0352542 secs] [Times: user=0.03 sys=0.01, real=0.04 secs] 
2021-09-18T00:49:18.684-0800: 2.317: [Full GC (Ergonomics) [PSYoungGen: 1237K->1237K(1536K)] [ParOldGen: 3764K->3764K(4096K)] 5001K->5001K(5632K), [Metaspace: 2690K->2690K(1056768K)], 0.0329647 secs] [Times: user=0.04 sys=0.00, real=0.03 secs] 
2021-09-18T00:49:18.718-0800: 2.350: [Full GC (Ergonomics) [PSYoungGen: 1237K->1237K(1536K)] [ParOldGen: 3766K->3766K(4096K)] 5003K->5003K(5632K), [Metaspace: 2690K->2690K(1056768K)], 0.0481439 secs] [Times: user=0.03 sys=0.00, real=0.05 secs] 
2021-09-18T00:49:18.767-0800: 2.399: [Full GC (Ergonomics) [PSYoungGen: 1237K->1237K(1536K)] [ParOldGen: 3768K->3768K(4096K)] 5005K->5005K(5632K), [Metaspace: 2690K->2690K(1056768K)], 0.0333231 secs] [Times: user=0.03 sys=0.00, real=0.04 secs] 
2021-09-18T00:49:18.801-0800: 2.433: [Full GC (Ergonomics) [PSYoungGen: 1237K->1237K(1536K)] [ParOldGen: 3793K->3793K(4096K)] 5031K->5031K(5632K), [Metaspace: 2690K->2690K(1056768K)], 0.0263275 secs] [Times: user=0.04 sys=0.00, real=0.02 secs] 
2021-09-18T00:49:18.827-0800: 2.459: [Full GC (Ergonomics) [PSYoungGen: 1237K->1237K(1536K)] [ParOldGen: 3795K->3795K(4096K)] 5033K->5033K(5632K), [Metaspace: 2690K->2690K(1056768K)], 0.0257616 secs] [Times: user=0.03 sys=0.00, real=0.03 secs] 
2021-09-18T00:49:18.853-0800: 2.486: [Full GC (Ergonomics) [PSYoungGen: 1237K->1237K(1536K)] [ParOldGen: 3797K->3797K(4096K)] 5034K->5034K(5632K), [Metaspace: 2707K->2707K(1056768K)], 0.0282210 secs] [Times: user=0.05 sys=0.00, real=0.03 secs] 
2021-09-18T00:49:18.882-0800: 2.514: [Full GC (Ergonomics) [PSYoungGen: 1237K->1237K(1536K)] [ParOldGen: 3799K->3799K(4096K)] 5036K->5036K(5632K), [Metaspace: 2710K->2710K(1056768K)], 0.0292010 secs] [Times: user=0.03 sys=0.00, real=0.03 secs] 
2021-09-18T00:49:18.911-0800: 2.544: [Full GC (Ergonomics) [PSYoungGen: 1237K->1237K(1536K)] [ParOldGen: 3800K->3800K(4096K)] 5038K->5038K(5632K), [Metaspace: 2710K->2710K(1056768K)], 0.0267565 secs] [Times: user=0.04 sys=0.00, real=0.02 secs] 
2021-09-18T00:49:18.938-0800: 2.571: [Full GC (Ergonomics) [PSYoungGen: 1237K->1237K(1536K)] [ParOldGen: 3802K->3802K(4096K)] 5040K->5040K(5632K), [Metaspace: 2710K->2710K(1056768K)], 0.0256378 secs] [Times: user=0.03 sys=0.00, real=0.03 secs] 
2021-09-18T00:49:18.964-0800: 2.596: [Full GC (Ergonomics) [PSYoungGen: 1237K->1237K(1536K)] [ParOldGen: 3804K->3804K(4096K)] 5042K->5042K(5632K), [Metaspace: 2717K->2717K(1056768K)], 0.0234491 secs] [Times: user=0.04 sys=0.01, real=0.02 secs] 
2021-09-18T00:49:18.988-0800: 2.620: [Full GC (Ergonomics) [PSYoungGen: 1237K->1237K(1536K)] [ParOldGen: 3806K->3806K(4096K)] 5043K->5043K(5632K), [Metaspace: 2718K->2718K(1056768K)], 0.0257441 secs] [Times: user=0.04 sys=0.00, real=0.03 secs] 
2021-09-18T00:49:19.014-0800: 2.647: [Full GC (Ergonomics) [PSYoungGen: 1237K->1237K(1536K)] [ParOldGen: 3808K->3808K(4096K)] 5045K->5045K(5632K), [Metaspace: 2718K->2718K(1056768K)], 0.0246379 secs] [Times: user=0.04 sys=0.00, real=0.02 secs] 
2021-09-18T00:49:19.039-0800: 2.671: [Full GC (Ergonomics) [PSYoungGen: 1237K->1237K(1536K)] [ParOldGen: 3809K->3809K(4096K)] 5047K->5047K(5632K), [Metaspace: 2718K->2718K(1056768K)], 0.0206747 secs] [Times: user=0.04 sys=0.00, real=0.03 secs] 
2021-09-18T00:49:19.060-0800: 2.692: [Full GC (Ergonomics) [PSYoungGen: 1237K->1237K(1536K)] [ParOldGen: 3811K->3811K(4096K)] 5049K->5049K(5632K), [Metaspace: 2729K->2729K(1056768K)], 0.0231559 secs] [Times: user=0.05 sys=0.00, real=0.02 secs] 
2021-09-18T00:49:19.084-0800: 2.717: [Full GC (Ergonomics) [PSYoungGen: 1237K->1237K(1536K)] [ParOldGen: 3813K->3813K(4096K)] 5050K->5050K(5632K), [Metaspace: 2737K->2737K(1056768K)], 0.0240870 secs] [Times: user=0.04 sys=0.00, real=0.02 secs] 
2021-09-18T00:49:19.109-0800: 2.741: [Full GC (Ergonomics) [PSYoungGen: 1237K->1237K(1536K)] [ParOldGen: 3815K->3815K(4096K)] 5052K->5052K(5632K), [Metaspace: 2739K->2739K(1056768K)], 0.0297218 secs] [Times: user=0.03 sys=0.00, real=0.03 secs] 
2021-09-18T00:49:19.139-0800: 2.771: [Full GC (Ergonomics) [PSYoungGen: 1237K->1237K(1536K)] [ParOldGen: 3817K->3817K(4096K)] 5054K->5054K(5632K), [Metaspace: 2739K->2739K(1056768K)], 0.0233436 secs] [Times: user=0.05 sys=0.00, real=0.03 secs] 
2021-09-18T00:49:19.162-0800: 2.794: [Full GC (Ergonomics) [PSYoungGen: 1237K->1237K(1536K)] [ParOldGen: 3818K->3818K(4096K)] 5056K->5056K(5632K), [Metaspace: 2740K->2740K(1056768K)], 0.0219969 secs] [Times: user=0.04 sys=0.00, real=0.02 secs] 
2021-09-18T00:49:19.185-0800: 2.817: [Full GC (Ergonomics) [PSYoungGen: 1237K->1237K(1536K)] [ParOldGen: 3820K->3820K(4096K)] 5058K->5058K(5632K), [Metaspace: 2742K->2742K(1056768K)], 0.0204213 secs] [Times: user=0.04 sys=0.00, real=0.02 secs] 
2021-09-18T00:49:19.206-0800: 2.838: [Full GC (Ergonomics) [PSYoungGen: 1237K->1237K(1536K)] [ParOldGen: 3822K->3822K(4096K)] 5059K->5059K(5632K), [Metaspace: 2742K->2742K(1056768K)], 0.0215620 secs] [Times: user=0.05 sys=0.00, real=0.02 secs] 
2021-09-18T00:49:19.228-0800: 2.860: [Full GC (Ergonomics) [PSYoungGen: 1237K->1237K(1536K)] [ParOldGen: 3824K->3824K(4096K)] 5061K->5061K(5632K), [Metaspace: 2742K->2742K(1056768K)], 0.0247365 secs] [Times: user=0.04 sys=0.01, real=0.03 secs] 
2021-09-18T00:49:19.253-0800: 2.885: [Full GC (Ergonomics) [PSYoungGen: 1237K->1237K(1536K)] [ParOldGen: 3826K->3826K(4096K)] 5063K->5063K(5632K), [Metaspace: 2743K->2743K(1056768K)], 0.0214397 secs] [Times: user=0.04 sys=0.00, real=0.02 secs] 
2021-09-18T00:49:19.274-0800: 2.906: [Full GC (Ergonomics) [PSYoungGen: 1237K->1237K(1536K)] [ParOldGen: 3828K->3828K(4096K)] 5065K->5065K(5632K), [Metaspace: 2743K->2743K(1056768K)], 0.0215149 secs] [Times: user=0.05 sys=0.00, real=0.02 secs] 
2021-09-18T00:49:19.296-0800: 2.928: [Full GC (Ergonomics) [PSYoungGen: 1237K->1237K(1536K)] [ParOldGen: 3829K->3829K(4096K)] 5067K->5067K(5632K), [Metaspace: 2743K->2743K(1056768K)], 0.0206558 secs] [Times: user=0.04 sys=0.00, real=0.02 secs] 
2021-09-18T00:49:19.317-0800: 2.949: [Full GC (Ergonomics) [PSYoungGen: 1237K->1237K(1536K)] [ParOldGen: 3831K->3831K(4096K)] 5069K->5069K(5632K), [Metaspace: 2743K->2743K(1056768K)], 0.0207058 secs] [Times: user=0.04 sys=0.00, real=0.02 secs] 
2021-09-18T00:49:19.338-0800: 2.970: [Full GC (Ergonomics) [PSYoungGen: 1237K->1237K(1536K)] [ParOldGen: 3833K->3833K(4096K)] 5070K->5070K(5632K), [Metaspace: 2743K->2743K(1056768K)], 0.0219869 secs] [Times: user=0.04 sys=0.00, real=0.03 secs] 
2021-09-18T00:49:19.360-0800: 2.992: [Full GC (Ergonomics) [PSYoungGen: 1237K->1237K(1536K)] [ParOldGen: 3835K->3835K(4096K)] 5072K->5072K(5632K), [Metaspace: 2753K->2753K(1056768K)], 0.0214776 secs] [Times: user=0.05 sys=0.00, real=0.02 secs] 
2021-09-18T00:49:19.382-0800: 3.014: [Full GC (Ergonomics) [PSYoungGen: 1237K->1237K(1536K)] [ParOldGen: 3837K->3837K(4096K)] 5074K->5074K(5632K), [Metaspace: 2755K->2755K(1056768K)], 0.0225001 secs] [Times: user=0.04 sys=0.00, real=0.02 secs] 
2021-09-18T00:49:19.405-0800: 3.037: [Full GC (Ergonomics) [PSYoungGen: 1237K->1237K(1536K)] [ParOldGen: 3838K->3838K(4096K)] 5076K->5076K(5632K), [Metaspace: 2755K->2755K(1056768K)], 0.0220172 secs] [Times: user=0.04 sys=0.00, real=0.02 secs] 
2021-09-18T00:49:19.427-0800: 3.060: [Full GC (Ergonomics) [PSYoungGen: 1237K->1237K(1536K)] [ParOldGen: 3840K->3840K(4096K)] 5078K->5078K(5632K), [Metaspace: 2755K->2755K(1056768K)], 0.0223681 secs] [Times: user=0.05 sys=0.00, real=0.03 secs] 
2021-09-18T00:49:19.450-0800: 3.083: [Full GC (Ergonomics) [PSYoungGen: 1237K->1237K(1536K)] [ParOldGen: 3842K->3842K(4096K)] 5079K->5079K(5632K), [Metaspace: 2755K->2755K(1056768K)], 0.0209558 secs] [Times: user=0.04 sys=0.01, real=0.02 secs] 
2021-09-18T00:49:19.472-0800: 3.104: [Full GC (Ergonomics) [PSYoungGen: 1237K->1237K(1536K)] [ParOldGen: 3844K->3843K(4096K)] 5081K->5081K(5632K), [Metaspace: 2755K->2755K(1056768K)], 0.0229016 secs] [Times: user=0.04 sys=0.00, real=0.02 secs] 
2021-09-18T00:49:19.495-0800: 3.127: [Full GC (Ergonomics) [PSYoungGen: 1237K->1237K(1536K)] [ParOldGen: 3846K->3845K(4096K)] 5083K->5083K(5632K), [Metaspace: 2755K->2755K(1056768K)], 0.0202207 secs] [Times: user=0.04 sys=0.00, real=0.02 secs] 
2021-09-18T00:49:19.515-0800: 3.148: [Full GC (Ergonomics) [PSYoungGen: 1237K->1237K(1536K)] [ParOldGen: 3847K->3847K(4096K)] 5084K->5084K(5632K), [Metaspace: 2755K->2755K(1056768K)], 0.0209759 secs] [Times: user=0.04 sys=0.00, real=0.02 secs] 
2021-09-18T00:49:19.537-0800: 3.169: [Full GC (Ergonomics) [PSYoungGen: 1237K->1237K(1536K)] [ParOldGen: 3849K->3849K(4096K)] 5086K->5086K(5632K), [Metaspace: 2755K->2755K(1056768K)], 0.0215190 secs] [Times: user=0.04 sys=0.00, real=0.02 secs] 
2021-09-18T00:49:19.558-0800: 3.190: [Full GC (Ergonomics) [PSYoungGen: 1237K->1237K(1536K)] [ParOldGen: 3850K->3850K(4096K)] 5088K->5088K(5632K), [Metaspace: 2755K->2755K(1056768K)], 0.0249295 secs] [Times: user=0.04 sys=0.00, real=0.03 secs] 
2021-09-18T00:49:19.584-0800: 3.216: [Full GC (Ergonomics) [PSYoungGen: 1237K->1237K(1536K)] [ParOldGen: 3852K->3852K(4096K)] 5090K->5090K(5632K), [Metaspace: 2765K->2765K(1056768K)], 0.0214432 secs] [Times: user=0.04 sys=0.00, real=0.02 secs] 
2021-09-18T00:49:19.605-0800: 3.238: [Full GC (Ergonomics) [PSYoungGen: 1237K->1237K(1536K)] [ParOldGen: 3854K->3854K(4096K)] 5092K->5092K(5632K), [Metaspace: 2766K->2766K(1056768K)], 0.0221421 secs] [Times: user=0.05 sys=0.00, real=0.02 secs] 
2021-09-18T00:49:19.628-0800: 3.260: [Full GC (Ergonomics) [PSYoungGen: 1237K->1237K(1536K)] [ParOldGen: 3856K->3856K(4096K)] 5093K->5093K(5632K), [Metaspace: 2766K->2766K(1056768K)], 0.0228040 secs] [Times: user=0.04 sys=0.00, real=0.03 secs] 
2021-09-18T00:49:19.652-0800: 3.284: [Full GC (Ergonomics) [PSYoungGen: 1237K->1237K(1536K)] [ParOldGen: 3858K->3858K(4096K)] 5095K->5095K(5632K), [Metaspace: 2780K->2780K(1056768K)], 0.0220685 secs] [Times: user=0.05 sys=0.00, real=0.02 secs] 
2021-09-18T00:49:19.674-0800: 3.306: [Full GC (Ergonomics) [PSYoungGen: 1237K->1237K(1536K)] [ParOldGen: 3859K->3859K(4096K)] 5097K->5097K(5632K), [Metaspace: 2784K->2784K(1056768K)], 0.0201065 secs] [Times: user=0.03 sys=0.00, real=0.02 secs] 
2021-09-18T00:49:19.694-0800: 3.327: [Full GC (Ergonomics) [PSYoungGen: 1237K->1237K(1536K)] [ParOldGen: 3861K->3861K(4096K)] 5099K->5099K(5632K), [Metaspace: 2784K->2784K(1056768K)], 0.0237685 secs] [Times: user=0.04 sys=0.00, real=0.02 secs] 
2021-09-18T00:49:19.718-0800: 3.351: [Full GC (Ergonomics) [PSYoungGen: 1237K->1237K(1536K)] [ParOldGen: 3863K->3863K(4096K)] 5101K->5101K(5632K), [Metaspace: 2784K->2784K(1056768K)], 0.0256478 secs] [Times: user=0.04 sys=0.01, real=0.03 secs] 
2021-09-18T00:49:19.744-0800: 3.376: [Full GC (Ergonomics) [PSYoungGen: 1237K->1237K(1536K)] [ParOldGen: 3865K->3865K(4096K)] 5103K->5103K(5632K), [Metaspace: 2784K->2784K(1056768K)], 0.0225619 secs] [Times: user=0.04 sys=0.00, real=0.02 secs] 
2021-09-18T00:49:19.767-0800: 3.400: [Full GC (Ergonomics) [PSYoungGen: 1237K->1237K(1536K)] [ParOldGen: 3867K->3867K(4096K)] 5105K->5105K(5632K), [Metaspace: 2787K->2787K(1056768K)], 0.0220482 secs] [Times: user=0.05 sys=0.00, real=0.03 secs] 
2021-09-18T00:49:19.790-0800: 3.422: [Full GC (Ergonomics) [PSYoungGen: 1237K->1237K(1536K)] [ParOldGen: 3869K->3869K(4096K)] 5107K->5107K(5632K), [Metaspace: 2787K->2787K(1056768K)], 0.0221728 secs] [Times: user=0.05 sys=0.00, real=0.02 secs] 
2021-09-18T00:49:19.812-0800: 3.445: [Full GC (Ergonomics) [PSYoungGen: 1237K->1237K(1536K)] [ParOldGen: 3871K->3871K(4096K)] 5108K->5108K(5632K), [Metaspace: 2787K->2787K(1056768K)], 0.0217162 secs] [Times: user=0.04 sys=0.00, real=0.02 secs] 
2021-09-18T00:49:19.834-0800: 3.466: [Full GC (Ergonomics) [PSYoungGen: 1237K->1237K(1536K)] [ParOldGen: 3873K->3873K(4096K)] 5110K->5110K(5632K), [Metaspace: 2787K->2787K(1056768K)], 0.0216787 secs] [Times: user=0.05 sys=0.00, real=0.02 secs] 
2021-09-18T00:49:19.856-0800: 3.488: [Full GC (Ergonomics) [PSYoungGen: 1237K->1237K(1536K)] [ParOldGen: 3874K->3874K(4096K)] 5112K->5112K(5632K), [Metaspace: 2787K->2787K(1056768K)], 0.0220552 secs] [Times: user=0.04 sys=0.00, real=0.02 secs] 
2021-09-18T00:49:19.879-0800: 3.511: [Full GC (Ergonomics) [PSYoungGen: 1237K->1237K(1536K)] [ParOldGen: 3876K->3876K(4096K)] 5114K->5114K(5632K), [Metaspace: 2787K->2787K(1056768K)], 0.0267858 secs] [Times: user=0.04 sys=0.00, real=0.03 secs] 
2021-09-18T00:49:19.906-0800: 3.538: [Full GC (Ergonomics) [PSYoungGen: 1237K->1237K(1536K)] [ParOldGen: 3878K->3878K(4096K)] 5115K->5115K(5632K), [Metaspace: 2787K->2787K(1056768K)], 0.0246818 secs] [Times: user=0.05 sys=0.00, real=0.03 secs] 
2021-09-18T00:49:19.931-0800: 3.563: [Full GC (Ergonomics) [PSYoungGen: 1237K->1237K(1536K)] [ParOldGen: 3880K->3880K(4096K)] 5117K->5117K(5632K), [Metaspace: 2787K->2787K(1056768K)], 0.0266584 secs] [Times: user=0.05 sys=0.00, real=0.02 secs] 
2021-09-18T00:49:19.959-0800: 3.591: [Full GC (Ergonomics) [PSYoungGen: 1237K->1237K(1536K)] [ParOldGen: 3881K->3881K(4096K)] 5119K->5119K(5632K), [Metaspace: 2789K->2789K(1056768K)], 0.0213432 secs] [Times: user=0.04 sys=0.01, real=0.03 secs] 
2021-09-18T00:49:19.980-0800: 3.612: [Full GC (Ergonomics) [PSYoungGen: 1237K->1237K(1536K)] [ParOldGen: 3883K->3883K(4096K)] 5121K->5121K(5632K), [Metaspace: 2789K->2789K(1056768K)], 0.0206803 secs] [Times: user=0.05 sys=0.00, real=0.02 secs] 
2021-09-18T00:49:20.002-0800: 3.634: [Full GC (Ergonomics) [PSYoungGen: 1237K->1237K(1536K)] [ParOldGen: 3885K->3885K(4096K)] 5123K->5122K(5632K), [Metaspace: 2789K->2789K(1056768K)], 0.0207590 secs] [Times: user=0.04 sys=0.00, real=0.02 secs] 
2021-09-18T00:49:20.023-0800: 3.655: [Full GC (Ergonomics) [PSYoungGen: 1237K->1237K(1536K)] [ParOldGen: 3887K->3887K(4096K)] 5124K->5124K(5632K), [Metaspace: 2789K->2789K(1056768K)], 0.0204913 secs] [Times: user=0.05 sys=0.00, real=0.02 secs] 
2021-09-18T00:49:20.043-0800: 3.675: [Full GC (Ergonomics) [PSYoungGen: 1237K->1237K(1536K)] [ParOldGen: 3889K->3889K(4096K)] 5126K->5126K(5632K), [Metaspace: 2789K->2789K(1056768K)], 0.0187354 secs] [Times: user=0.04 sys=0.00, real=0.02 secs] 
2021-09-18T00:49:20.062-0800: 3.694: [Full GC (Ergonomics) [PSYoungGen: 1237K->1237K(1536K)] [ParOldGen: 3890K->3890K(4096K)] 5128K->5128K(5632K), [Metaspace: 2791K->2791K(1056768K)], 0.0205636 secs] [Times: user=0.04 sys=0.00, real=0.02 secs] 
2021-09-18T00:49:20.083-0800: 3.715: [Full GC (Ergonomics) [PSYoungGen: 1237K->1237K(1536K)] [ParOldGen: 3892K->3892K(4096K)] 5129K->5129K(5632K), [Metaspace: 2794K->2794K(1056768K)], 0.0218058 secs] [Times: user=0.03 sys=0.00, real=0.02 secs] 
2021-09-18T00:49:20.105-0800: 3.737: [Full GC (Ergonomics) [PSYoungGen: 1237K->1237K(1536K)] [ParOldGen: 3894K->3894K(4096K)] 5131K->5131K(5632K), [Metaspace: 2799K->2799K(1056768K)], 0.0214284 secs] [Times: user=0.04 sys=0.00, real=0.02 secs] 
2021-09-18T00:49:20.127-0800: 3.759: [Full GC (Ergonomics) [PSYoungGen: 1237K->1237K(1536K)] [ParOldGen: 3895K->3895K(4096K)] 5133K->5133K(5632K), [Metaspace: 2800K->2800K(1056768K)], 0.0190020 secs] [Times: user=0.03 sys=0.00, real=0.02 secs] 
2021-09-18T00:49:20.146-0800: 3.778: [Full GC (Ergonomics) [PSYoungGen: 1237K->1237K(1536K)] [ParOldGen: 3897K->3897K(4096K)] 5135K->5135K(5632K), [Metaspace: 2800K->2800K(1056768K)], 0.0209428 secs] [Times: user=0.05 sys=0.00, real=0.02 secs] 
2021-09-18T00:49:20.167-0800: 3.799: [Full GC (Ergonomics) [PSYoungGen: 1237K->1237K(1536K)] [ParOldGen: 3899K->3899K(4096K)] 5136K->5136K(5632K), [Metaspace: 2800K->2800K(1056768K)], 0.0200129 secs] [Times: user=0.04 sys=0.00, real=0.02 secs] 
2021-09-18T00:49:20.187-0800: 3.819: [Full GC (Ergonomics) [PSYoungGen: 1237K->1237K(1536K)] [ParOldGen: 3901K->3901K(4096K)] 5139K->5138K(5632K), [Metaspace: 2800K->2800K(1056768K)], 0.0203733 secs] [Times: user=0.04 sys=0.00, real=0.02 secs] 
2021-09-18T00:49:20.208-0800: 3.840: [Full GC (Ergonomics) [PSYoungGen: 1237K->1237K(1536K)] [ParOldGen: 3903K->3903K(4096K)] 5140K->5140K(5632K), [Metaspace: 2800K->2800K(1056768K)], 0.0189678 secs] [Times: user=0.05 sys=0.00, real=0.02 secs] 
2021-09-18T00:49:20.227-0800: 3.859: [Full GC (Ergonomics) [PSYoungGen: 1237K->1237K(1536K)] [ParOldGen: 3904K->3904K(4096K)] 5142K->5142K(5632K), [Metaspace: 2800K->2800K(1056768K)], 0.0219780 secs] [Times: user=0.05 sys=0.00, real=0.02 secs] 
2021-09-18T00:49:20.249-0800: 3.881: [Full GC (Ergonomics) [PSYoungGen: 1237K->1237K(1536K)] [ParOldGen: 3906K->3906K(4096K)] 5144K->5143K(5632K), [Metaspace: 2800K->2800K(1056768K)], 0.0183080 secs] [Times: user=0.05 sys=0.00, real=0.02 secs] 
2021-09-18T00:49:20.268-0800: 3.900: [Full GC (Ergonomics) [PSYoungGen: 1237K->1237K(1536K)] [ParOldGen: 3916K->3916K(4096K)] 5153K->5153K(5632K), [Metaspace: 2800K->2800K(1056768K)], 0.0185381 secs] [Times: user=0.06 sys=0.01, real=0.02 secs] 
2021-09-18T00:49:20.287-0800: 3.919: [Full GC (Ergonomics) [PSYoungGen: 1237K->1237K(1536K)] [ParOldGen: 3917K->3917K(4096K)] 5155K->5155K(5632K), [Metaspace: 2800K->2800K(1056768K)], 0.0181252 secs] [Times: user=0.05 sys=0.00, real=0.02 secs] 
2021-09-18T00:49:20.305-0800: 3.937: [Full GC (Ergonomics) [PSYoungGen: 1237K->1237K(1536K)] [ParOldGen: 3919K->3919K(4096K)] 5157K->5157K(5632K), [Metaspace: 2800K->2800K(1056768K)], 0.0183946 secs] [Times: user=0.05 sys=0.00, real=0.02 secs] 
2021-09-18T00:49:20.323-0800: 3.956: [Full GC (Ergonomics) [PSYoungGen: 1237K->1237K(1536K)] [ParOldGen: 3921K->3921K(4096K)] 5158K->5158K(5632K), [Metaspace: 2800K->2800K(1056768K)], 0.0182641 secs] [Times: user=0.05 sys=0.00, real=0.02 secs] 
2021-09-18T00:49:20.342-0800: 3.974: [Full GC (Ergonomics) [PSYoungGen: 1237K->1237K(1536K)] [ParOldGen: 3923K->3923K(4096K)] 5160K->5160K(5632K), [Metaspace: 2800K->2800K(1056768K)], 0.0180348 secs] [Times: user=0.05 sys=0.00, real=0.02 secs] 
2021-09-18T00:49:20.360-0800: 3.992: [Full GC (Ergonomics) [PSYoungGen: 1237K->1237K(1536K)] [ParOldGen: 3927K->3927K(4096K)] 5164K->5164K(5632K), [Metaspace: 2800K->2800K(1056768K)], 0.0184105 secs] [Times: user=0.06 sys=0.00, real=0.01 secs] 
2021-09-18T00:49:20.379-0800: 4.011: [Full GC (Ergonomics) [PSYoungGen: 1237K->1237K(1536K)] [ParOldGen: 3929K->3929K(4096K)] 5166K->5166K(5632K), [Metaspace: 2800K->2800K(1056768K)], 0.0183670 secs] [Times: user=0.05 sys=0.00, real=0.02 secs] 
2021-09-18T00:49:20.397-0800: 4.030: [Full GC (Ergonomics) [PSYoungGen: 1237K->1237K(1536K)] [ParOldGen: 3930K->3930K(4096K)] 5168K->5168K(5632K), [Metaspace: 2800K->2800K(1056768K)], 0.0182923 secs] [Times: user=0.05 sys=0.00, real=0.02 secs] 
2021-09-18T00:49:20.416-0800: 4.048: [Full GC (Ergonomics) [PSYoungGen: 1237K->1237K(1536K)] [ParOldGen: 3932K->3932K(4096K)] 5170K->5170K(5632K), [Metaspace: 2800K->2800K(1056768K)], 0.0179991 secs] [Times: user=0.05 sys=0.00, real=0.02 secs] 
2021-09-18T00:49:20.434-0800: 4.066: [Full GC (Ergonomics) [PSYoungGen: 1237K->1237K(1536K)] [ParOldGen: 3934K->3934K(4096K)] 5172K->5172K(5632K), [Metaspace: 2800K->2800K(1056768K)], 0.0182521 secs] [Times: user=0.06 sys=0.00, real=0.02 secs] 
2021-09-18T00:49:20.453-0800: 4.085: [Full GC (Ergonomics) [PSYoungGen: 1237K->1237K(1536K)] [ParOldGen: 3936K->3936K(4096K)] 5174K->5174K(5632K), [Metaspace: 2800K->2800K(1056768K)], 0.0182943 secs] [Times: user=0.05 sys=0.00, real=0.02 secs] 
2021-09-18T00:49:20.471-0800: 4.103: [Full GC (Ergonomics) [PSYoungGen: 1237K->1237K(1536K)] [ParOldGen: 3938K->3938K(4096K)] 5175K->5175K(5632K), [Metaspace: 2800K->2800K(1056768K)], 0.0180233 secs] [Times: user=0.05 sys=0.00, real=0.01 secs] 
2021-09-18T00:49:20.489-0800: 4.122: [Full GC (Ergonomics) [PSYoungGen: 1237K->1237K(1536K)] [ParOldGen: 3940K->3940K(4096K)] 5177K->5177K(5632K), [Metaspace: 2800K->2800K(1056768K)], 0.0185350 secs] [Times: user=0.06 sys=0.00, real=0.02 secs] 
2021-09-18T00:49:20.508-0800: 4.140: [Full GC (Ergonomics) [PSYoungGen: 1237K->1237K(1536K)] [ParOldGen: 3942K->3942K(4096K)] 5179K->5179K(5632K), [Metaspace: 2800K->2800K(1056768K)], 0.0182706 secs] [Times: user=0.05 sys=0.00, real=0.02 secs] 
2021-09-18T00:49:20.527-0800: 4.159: [Full GC (Ergonomics) [PSYoungGen: 1237K->1237K(1536K)] [ParOldGen: 3943K->3943K(4096K)] 5181K->5181K(5632K), [Metaspace: 2800K->2800K(1056768K)], 0.0185152 secs] [Times: user=0.06 sys=0.00, real=0.02 secs] 
2021-09-18T00:49:20.546-0800: 4.178: [Full GC (Ergonomics) [PSYoungGen: 1237K->1237K(1536K)] [ParOldGen: 3945K->3945K(4096K)] 5183K->5183K(5632K), [Metaspace: 2800K->2800K(1056768K)], 0.0191018 secs] [Times: user=0.05 sys=0.00, real=0.02 secs] 
2021-09-18T00:49:20.565-0800: 4.197: [Full GC (Ergonomics) [PSYoungGen: 1237K->1237K(1536K)] [ParOldGen: 3947K->3947K(4096K)] 5185K->5185K(5632K), [Metaspace: 2801K->2801K(1056768K)], 0.0177097 secs] [Times: user=0.05 sys=0.00, real=0.02 secs] 
2021-09-18T00:49:20.583-0800: 4.215: [Full GC (Ergonomics) [PSYoungGen: 1237K->1237K(1536K)] [ParOldGen: 3949K->3949K(4096K)] 5186K->5186K(5632K), [Metaspace: 2801K->2801K(1056768K)], 0.0183241 secs] [Times: user=0.06 sys=0.00, real=0.02 secs] 
2021-09-18T00:49:20.601-0800: 4.234: [Full GC (Ergonomics) [PSYoungGen: 1237K->1237K(1536K)] [ParOldGen: 3951K->3951K(4096K)] 5188K->5188K(5632K), [Metaspace: 2801K->2801K(1056768K)], 0.0180616 secs] [Times: user=0.05 sys=0.01, real=0.02 secs] 
2021-09-18T00:49:20.620-0800: 4.252: [Full GC (Ergonomics) [PSYoungGen: 1237K->1237K(1536K)] [ParOldGen: 3953K->3953K(4096K)] 5190K->5190K(5632K), [Metaspace: 2801K->2801K(1056768K)], 0.0181370 secs] [Times: user=0.06 sys=0.00, real=0.01 secs] 
2021-09-18T00:49:20.638-0800: 4.270: [Full GC (Ergonomics) [PSYoungGen: 1237K->1237K(1536K)] [ParOldGen: 3955K->3955K(4096K)] 5192K->5192K(5632K), [Metaspace: 2801K->2801K(1056768K)], 0.0186652 secs] [Times: user=0.05 sys=0.00, real=0.02 secs] 
2021-09-18T00:49:20.657-0800: 4.289: [Full GC (Ergonomics) [PSYoungGen: 1237K->1237K(1536K)] [ParOldGen: 3956K->3956K(4096K)] 5194K->5194K(5632K), [Metaspace: 2801K->2801K(1056768K)], 0.0180749 secs] [Times: user=0.06 sys=0.00, real=0.02 secs] 
2021-09-18T00:49:20.675-0800: 4.307: [Full GC (Ergonomics) [PSYoungGen: 1237K->1237K(1536K)] [ParOldGen: 3958K->3958K(4096K)] 5196K->5196K(5632K), [Metaspace: 2801K->2801K(1056768K)], 0.0322489 secs] [Times: user=0.05 sys=0.00, real=0.03 secs] 
2021-09-18T00:49:20.708-0800: 4.340: [Full GC (Ergonomics) [PSYoungGen: 1237K->1237K(1536K)] [ParOldGen: 3960K->3960K(4096K)] 5197K->5197K(5632K), [Metaspace: 2801K->2801K(1056768K)], 0.0213539 secs] [Times: user=0.05 sys=0.00, real=0.02 secs] 
2021-09-18T00:49:20.729-0800: 4.361: [Full GC (Ergonomics) [PSYoungGen: 1237K->1237K(1536K)] [ParOldGen: 3962K->3962K(4096K)] 5199K->5199K(5632K), [Metaspace: 2801K->2801K(1056768K)], 0.0225772 secs] [Times: user=0.04 sys=0.00, real=0.03 secs] 
2021-09-18T00:49:20.752-0800: 4.384: [Full GC (Ergonomics) [PSYoungGen: 1237K->1237K(1536K)] [ParOldGen: 3964K->3964K(4096K)] 5201K->5201K(5632K), [Metaspace: 2801K->2801K(1056768K)], 0.0195427 secs] [Times: user=0.04 sys=0.00, real=0.02 secs] 
2021-09-18T00:49:20.772-0800: 4.404: [Full GC (Ergonomics) [PSYoungGen: 1237K->1237K(1536K)] [ParOldGen: 3965K->3965K(4096K)] 5203K->5203K(5632K), [Metaspace: 2801K->2801K(1056768K)], 0.0211336 secs] [Times: user=0.05 sys=0.00, real=0.02 secs] 
2021-09-18T00:49:20.793-0800: 4.425: [Full GC (Ergonomics) [PSYoungGen: 1237K->1237K(1536K)] [ParOldGen: 3967K->3967K(4096K)] 5205K->5205K(5632K), [Metaspace: 2801K->2801K(1056768K)], 0.0239116 secs] [Times: user=0.04 sys=0.00, real=0.02 secs] 
2021-09-18T00:49:20.817-0800: 4.450: [Full GC (Ergonomics) [PSYoungGen: 1237K->1237K(1536K)] [ParOldGen: 3969K->3969K(4096K)] 5207K->5207K(5632K), [Metaspace: 2801K->2801K(1056768K)], 0.0215090 secs] [Times: user=0.04 sys=0.00, real=0.02 secs] 
2021-09-18T00:49:20.839-0800: 4.471: [Full GC (Ergonomics) [PSYoungGen: 1237K->1237K(1536K)] [ParOldGen: 3971K->3971K(4096K)] 5208K->5208K(5632K), [Metaspace: 2801K->2801K(1056768K)], 0.0216524 secs] [Times: user=0.06 sys=0.00, real=0.03 secs] 
2021-09-18T00:49:20.861-0800: 4.493: [Full GC (Ergonomics) [PSYoungGen: 1237K->1237K(1536K)] [ParOldGen: 3973K->3973K(4096K)] 5210K->5210K(5632K), [Metaspace: 2801K->2801K(1056768K)], 0.0232107 secs] [Times: user=0.05 sys=0.01, real=0.02 secs] 
2021-09-18T00:49:20.885-0800: 4.517: [Full GC (Ergonomics) [PSYoungGen: 1237K->1237K(1536K)] [ParOldGen: 3974K->3974K(4096K)] 5212K->5212K(5632K), [Metaspace: 2801K->2801K(1056768K)], 0.0200938 secs] [Times: user=0.05 sys=0.00, real=0.02 secs] 
2021-09-18T00:49:20.905-0800: 4.537: [Full GC (Ergonomics) [PSYoungGen: 1237K->1237K(1536K)] [ParOldGen: 3976K->3976K(4096K)] 5214K->5214K(5632K), [Metaspace: 2801K->2801K(1056768K)], 0.0215478 secs] [Times: user=0.06 sys=0.00, real=0.02 secs] 
2021-09-18T00:49:20.927-0800: 4.559: [Full GC (Ergonomics) [PSYoungGen: 1237K->1237K(1536K)] [ParOldGen: 3978K->3978K(4096K)] 5216K->5216K(5632K), [Metaspace: 2801K->2801K(1056768K)], 0.0200965 secs] [Times: user=0.06 sys=0.00, real=0.02 secs] 
2021-09-18T00:49:20.947-0800: 4.580: [Full GC (Ergonomics) [PSYoungGen: 1237K->1237K(1536K)] [ParOldGen: 3980K->3980K(4096K)] 5217K->5217K(5632K), [Metaspace: 2801K->2801K(1056768K)], 0.0197459 secs] [Times: user=0.05 sys=0.00, real=0.02 secs] 
2021-09-18T00:49:20.967-0800: 4.600: [Full GC (Ergonomics) [PSYoungGen: 1237K->1237K(1536K)] [ParOldGen: 3982K->3982K(4096K)] 5219K->5219K(5632K), [Metaspace: 2801K->2801K(1056768K)], 0.0207506 secs] [Times: user=0.06 sys=0.00, real=0.02 secs] 
2021-09-18T00:49:20.988-0800: 4.621: [Full GC (Ergonomics) [PSYoungGen: 1237K->1237K(1536K)] [ParOldGen: 3983K->3983K(4096K)] 5221K->5221K(5632K), [Metaspace: 2801K->2801K(1056768K)], 0.0221040 secs] [Times: user=0.06 sys=0.00, real=0.03 secs] 
2021-09-18T00:49:21.011-0800: 4.643: [Full GC (Ergonomics) [PSYoungGen: 1237K->1237K(1536K)] [ParOldGen: 3985K->3985K(4096K)] 5223K->5223K(5632K), [Metaspace: 2801K->2801K(1056768K)], 0.0224374 secs] [Times: user=0.05 sys=0.00, real=0.02 secs] 
2021-09-18T00:49:21.034-0800: 4.666: [Full GC (Ergonomics) [PSYoungGen: 1237K->1237K(1536K)] [ParOldGen: 3987K->3987K(4096K)] 5225K->5225K(5632K), [Metaspace: 2801K->2801K(1056768K)], 0.0207650 secs] [Times: user=0.06 sys=0.00, real=0.02 secs] 
2021-09-18T00:49:21.055-0800: 4.687: [Full GC (Ergonomics) [PSYoungGen: 1237K->1237K(1536K)] [ParOldGen: 3989K->3989K(4096K)] 5226K->5226K(5632K), [Metaspace: 2802K->2802K(1056768K)], 0.0212624 secs] [Times: user=0.05 sys=0.00, real=0.02 secs] 
2021-09-18T00:49:21.076-0800: 4.709: [Full GC (Ergonomics) [PSYoungGen: 1237K->1237K(1536K)] [ParOldGen: 3991K->3991K(4096K)] 5228K->5228K(5632K), [Metaspace: 2802K->2802K(1056768K)], 0.0211538 secs] [Times: user=0.06 sys=0.00, real=0.02 secs] 
2021-09-18T00:49:21.098-0800: 4.730: [Full GC (Ergonomics) [PSYoungGen: 1237K->1237K(1536K)] [ParOldGen: 3993K->3993K(4096K)] 5230K->5230K(5632K), [Metaspace: 2802K->2802K(1056768K)], 0.0204468 secs] [Times: user=0.05 sys=0.01, real=0.02 secs] 
2021-09-18T00:49:21.119-0800: 4.751: [Full GC (Ergonomics) [PSYoungGen: 1237K->1237K(1536K)] [ParOldGen: 3995K->3995K(4096K)] 5232K->5232K(5632K), [Metaspace: 2802K->2802K(1056768K)], 0.0208366 secs] [Times: user=0.05 sys=0.00, real=0.03 secs] 
2021-09-18T00:49:21.140-0800: 4.772: [Full GC (Ergonomics) [PSYoungGen: 1237K->1237K(1536K)] [ParOldGen: 3997K->3997K(4096K)] 5234K->5234K(5632K), [Metaspace: 2804K->2804K(1056768K)], 0.0216316 secs] [Times: user=0.06 sys=0.00, real=0.02 secs] 
2021-09-18T00:49:21.162-0800: 4.794: [Full GC (Ergonomics) [PSYoungGen: 1237K->1237K(1536K)] [ParOldGen: 3998K->3998K(4096K)] 5236K->5236K(5632K), [Metaspace: 2804K->2804K(1056768K)], 0.0220254 secs] [Times: user=0.06 sys=0.00, real=0.02 secs] 
2021-09-18T00:49:21.184-0800: 4.816: [Full GC (Ergonomics) [PSYoungGen: 1237K->1237K(1536K)] [ParOldGen: 4000K->4000K(4096K)] 5238K->5238K(5632K), [Metaspace: 2804K->2804K(1056768K)], 0.0208284 secs] [Times: user=0.05 sys=0.00, real=0.02 secs] 
2021-09-18T00:49:21.205-0800: 4.837: [Full GC (Ergonomics) [PSYoungGen: 1237K->1237K(1536K)] [ParOldGen: 4003K->4003K(4096K)] 5240K->5240K(5632K), [Metaspace: 2805K->2805K(1056768K)], 0.0211099 secs] [Times: user=0.06 sys=0.00, real=0.02 secs] 
2021-09-18T00:49:21.227-0800: 4.859: [Full GC (Ergonomics) [PSYoungGen: 1237K->1237K(1536K)] [ParOldGen: 4004K->4004K(4096K)] 5242K->5242K(5632K), [Metaspace: 2805K->2805K(1056768K)], 0.0260297 secs] [Times: user=0.05 sys=0.00, real=0.03 secs] 
2021-09-18T00:49:21.253-0800: 4.885: [Full GC (Ergonomics) [PSYoungGen: 1237K->1237K(1536K)] [ParOldGen: 4006K->4006K(4096K)] 5244K->5244K(5632K), [Metaspace: 2805K->2805K(1056768K)], 0.0235159 secs] [Times: user=0.06 sys=0.00, real=0.02 secs] 
2021-09-18T00:49:21.277-0800: 4.909: [Full GC (Ergonomics) [PSYoungGen: 1237K->1237K(1536K)] [ParOldGen: 4008K->4008K(4096K)] 5246K->5246K(5632K), [Metaspace: 2805K->2805K(1056768K)], 0.0239584 secs] [Times: user=0.06 sys=0.01, real=0.03 secs] 
2021-09-18T00:49:21.301-0800: 4.933: [Full GC (Ergonomics) [PSYoungGen: 1237K->1237K(1536K)] [ParOldGen: 4010K->4010K(4096K)] 5247K->5247K(5632K), [Metaspace: 2805K->2805K(1056768K)], 0.0219941 secs] [Times: user=0.05 sys=0.00, real=0.02 secs] 
2021-09-18T00:49:21.323-0800: 4.956: [Full GC (Ergonomics) [PSYoungGen: 1237K->1237K(1536K)] [ParOldGen: 4012K->4012K(4096K)] 5249K->5249K(5632K), [Metaspace: 2805K->2805K(1056768K)], 0.0215333 secs] [Times: user=0.06 sys=0.00, real=0.02 secs] 
2021-09-18T00:49:21.345-0800: 4.977: [Full GC (Ergonomics) [PSYoungGen: 1237K->1237K(1536K)] [ParOldGen: 4014K->4014K(4096K)] 5251K->5251K(5632K), [Metaspace: 2805K->2805K(1056768K)], 0.0217910 secs] [Times: user=0.05 sys=0.00, real=0.02 secs] 
2021-09-18T00:49:21.367-0800: 5.000: [Full GC (Ergonomics) [PSYoungGen: 1237K->1237K(1536K)] [ParOldGen: 4015K->4015K(4096K)] 5253K->5253K(5632K), [Metaspace: 2805K->2805K(1056768K)], 0.0216484 secs] [Times: user=0.06 sys=0.00, real=0.02 secs] 
2021-09-18T00:49:21.390-0800: 5.022: [Full GC (Ergonomics) [PSYoungGen: 1237K->1237K(1536K)] [ParOldGen: 4017K->4017K(4096K)] 5255K->5255K(5632K), [Metaspace: 2805K->2805K(1056768K)], 0.0209607 secs] [Times: user=0.06 sys=0.00, real=0.02 secs] 
2021-09-18T00:49:21.411-0800: 5.043: [Full GC (Ergonomics) [PSYoungGen: 1237K->1237K(1536K)] [ParOldGen: 4019K->4019K(4096K)] 5257K->5257K(5632K), [Metaspace: 2805K->2805K(1056768K)], 0.0220400 secs] [Times: user=0.05 sys=0.00, real=0.02 secs] 
2021-09-18T00:49:21.434-0800: 5.066: [Full GC (Ergonomics) [PSYoungGen: 1237K->1237K(1536K)] [ParOldGen: 4021K->4021K(4096K)] 5258K->5258K(5632K), [Metaspace: 2805K->2805K(1056768K)], 0.0222744 secs] [Times: user=0.06 sys=0.00, real=0.02 secs] 
2021-09-18T00:49:21.457-0800: 5.089: [Full GC (Ergonomics) [PSYoungGen: 1237K->1237K(1536K)] [ParOldGen: 4023K->4023K(4096K)] 5260K->5260K(5632K), [Metaspace: 2805K->2805K(1056768K)], 0.0198934 secs] [Times: user=0.06 sys=0.01, real=0.02 secs] 
2021-09-18T00:49:21.477-0800: 5.109: [Full GC (Ergonomics) [PSYoungGen: 1237K->1237K(1536K)] [ParOldGen: 4024K->4024K(4096K)] 5262K->5262K(5632K), [Metaspace: 2805K->2805K(1056768K)], 0.0222972 secs] [Times: user=0.06 sys=0.00, real=0.02 secs] 
2021-09-18T00:49:21.500-0800: 5.132: [Full GC (Ergonomics) [PSYoungGen: 1237K->1237K(1536K)] [ParOldGen: 4026K->4026K(4096K)] 5264K->5264K(5632K), [Metaspace: 2805K->2805K(1056768K)], 0.0210719 secs] [Times: user=0.05 sys=0.00, real=0.02 secs] 
2021-09-18T00:49:21.521-0800: 5.153: [Full GC (Ergonomics) [PSYoungGen: 1237K->1237K(1536K)] [ParOldGen: 4028K->4028K(4096K)] 5265K->5265K(5632K), [Metaspace: 2805K->2805K(1056768K)], 0.0207406 secs] [Times: user=0.05 sys=0.00, real=0.02 secs] 
2021-09-18T00:49:21.542-0800: 5.174: [Full GC (Ergonomics) [PSYoungGen: 1237K->1237K(1536K)] [ParOldGen: 4030K->4030K(4096K)] 5267K->5267K(5632K), [Metaspace: 2805K->2805K(1056768K)], 0.0217043 secs] [Times: user=0.05 sys=0.00, real=0.02 secs] 
2021-09-18T00:49:21.564-0800: 5.196: [Full GC (Ergonomics) [PSYoungGen: 1237K->1237K(1536K)] [ParOldGen: 4032K->4032K(4096K)] 5269K->5269K(5632K), [Metaspace: 2805K->2805K(1056768K)], 0.0209926 secs] [Times: user=0.06 sys=0.00, real=0.02 secs] 
2021-09-18T00:49:21.585-0800: 5.217: [Full GC (Ergonomics) [PSYoungGen: 1237K->1237K(1536K)] [ParOldGen: 4033K->4033K(4096K)] 5271K->5271K(5632K), [Metaspace: 2805K->2805K(1056768K)], 0.0214633 secs] [Times: user=0.06 sys=0.00, real=0.02 secs] 
2021-09-18T00:49:21.607-0800: 5.239: [Full GC (Ergonomics) [PSYoungGen: 1237K->1237K(1536K)] [ParOldGen: 4035K->4035K(4096K)] 5273K->5273K(5632K), [Metaspace: 2805K->2805K(1056768K)], 0.0211223 secs] [Times: user=0.05 sys=0.00, real=0.02 secs] 
2021-09-18T00:49:21.628-0800: 5.260: [Full GC (Ergonomics) [PSYoungGen: 1237K->1237K(1536K)] [ParOldGen: 4037K->4037K(4096K)] 5274K->5274K(5632K), [Metaspace: 2805K->2805K(1056768K)], 0.0216314 secs] [Times: user=0.06 sys=0.00, real=0.03 secs] 
2021-09-18T00:49:21.650-0800: 5.282: [Full GC (Ergonomics) [PSYoungGen: 1237K->1237K(1536K)] [ParOldGen: 4039K->4039K(4096K)] 5276K->5276K(5632K), [Metaspace: 2805K->2805K(1056768K)], 0.0205505 secs] [Times: user=0.05 sys=0.00, real=0.02 secs] 
2021-09-18T00:49:21.671-0800: 5.304: [Full GC (Ergonomics) [PSYoungGen: 1237K->0K(1536K)] [ParOldGen: 4041K->390K(4096K)] 5278K->390K(5632K), [Metaspace: 2806K->2806K(1056768K)], 0.0059439 secs] [Times: user=0.02 sys=0.00, real=0.00 secs] 
Heap
 PSYoungGen      total 1536K, used 158K [0x00000007bfe00000, 0x00000007c0000000, 0x00000007c0000000)
  eden space 1024K, 15% used [0x00000007bfe00000,0x00000007bfe28d50,0x00000007bff00000)
  from space 512K, 0% used [0x00000007bff00000,0x00000007bff00000,0x00000007bff80000)
  to   space 512K, 0% used [0x00000007bff80000,0x00000007bff80000,0x00000007c0000000)
 ParOldGen       total 4096K, used 390K [0x00000007bfa00000, 0x00000007bfe00000, 0x00000007bfe00000)
  object space 4096K, 9% used [0x00000007bfa00000,0x00000007bfa61a88,0x00000007bfe00000)
 Metaspace       used 2839K, capacity 4486K, committed 4864K, reserved 1056768K
  class space    used 305K, capacity 386K, committed 512K, reserved 1048576K
